>>> print "hello"
  File "<stdin>", line 1
    print "hello"
          ^
SyntaxError: Missing parentheses in call to 'print'. Did you mean print("hello")?

>>> l=[1,2,3]
>>> l[3]
Traceback (most recent call last):
  File "<stdin>", line 1, in <module>
IndexError: list index out of range

>>> import notamodule
Traceback (most recent call last):
  File "<stdin>", line 1, in <module>
ModuleNotFoundError: No module named 'notamodule'

>>> d={'1':"qwe",'2':"wer"}
>>> d[3]
Traceback (most recent call last):
  File "<stdin>", line 1, in <module>
KeyError: 3

>>> from math import cube
Traceback (most recent call last):
  File "<stdin>", line 1, in <module>
ImportError: cannot import name 'cube' from 'math' (/Library/Developer/CommandLineTools/Library/Frameworks/Python3.framework/Versions/3.8/lib/python3.8/lib-dynload/math.cpython-38-darwin.so)

>>> it=iter([1,2,3])
>>> next(it)
1
>>> next(it)
2
>>> next(it)
3
>>> next(it)
Traceback (most recent call last):
  File "<stdin>", line 1, in <module>
StopIteration

>>> "12"+12
Traceback (most recent call last):
  File "<stdin>", line 1, in <module>
TypeError: can only concatenate str (not "int") to str

>>> int('xyz')
Traceback (most recent call last):
  File "<stdin>", line 1, in <module>
ValueError: invalid literal for int() with base 10: 'xyz'

>>> age
Traceback (most recent call last):
  File "<stdin>", line 1, in <module>
NameError: name 'age' is not defined

>>> x=100/0
Traceback (most recent call last):
  File "<stdin>", line 1, in <module>
ZeroDivisionError: division by zero

